00000                 | 
00000                 | #line 1 "C:/Users/riley.m/Tensile-Testing-Machine/Firmware/MaD_Firmware/Librarys/ForceGauge/ForceGauge.c"
00000                 | #line 1 "ForceGauge.h"
00000                 | #line 4 "ForceGauge.h"
00000                 | #line 1 "C:/flexprop/include/simpletools.h"
00000                 | #line 9 "C:/flexprop/include/simpletools.h"
00000                 | #line 1 "C:/flexprop/include/propeller2.h"
00000                 | #line 4 "C:/flexprop/include/propeller2.h"
00000                 | #line 1 "C:/flexprop/include/stdint.h"
00000                 | 
00000                 | 
00000                 | 
00000                 | typedef signed char int8_t;
00000                 | typedef unsigned char uint8_t;
00000                 | 
00000                 | typedef signed short int16_t;
00000                 | typedef unsigned short uint16_t;
00000                 | 
00000                 | typedef signed long int32_t;
00000                 | typedef unsigned long uint32_t;
00000                 | 
00000                 | typedef long long int64_t;
00000                 | typedef unsigned long long uint64_t;
00000                 | 
00000                 | typedef unsigned long uintptr_t;
00000                 | typedef long intptr_t;
00000                 | 
00000                 | typedef int64_t intmax_t;
00000                 | typedef uint64_t uintmax_t;
00000                 | 
00000                 | typedef int8_t int_least8_t;
00000                 | typedef int16_t int_least16_t;
00000                 | typedef int32_t int_least32_t;
00000                 | typedef int64_t int_least64_t;
00000                 | 
00000                 | typedef uint8_t uint_least8_t;
00000                 | typedef uint16_t uint_least16_t;
00000                 | typedef uint32_t uint_least32_t;
00000                 | typedef uint64_t uint_least64_t;
00000                 | 
00000                 | typedef int32_t int_fast8_t;
00000                 | typedef int32_t int_fast16_t;
00000                 | typedef int32_t int_fast32_t;
00000                 | typedef int64_t int_fast64_t;
00000                 | 
00000                 | typedef uint32_t uint_fast8_t;
00000                 | typedef uint32_t uint_fast16_t;
00000                 | typedef uint32_t uint_fast32_t;
00000                 | typedef uint64_t uint_fast64_t;
00000                 | #line 5 "C:/flexprop/include/propeller2.h"
00000                 | #line 56 "C:/flexprop/include/propeller2.h"
00000                 | typedef struct _cartesian {
00000                 |    int32_t x, y;
00000                 | } cartesian_t;
00000                 | 
00000                 | 
00000                 | typedef struct _polar {
00000                 |    uint32_t r, t;
00000                 | } polar_t;
00000                 | 
00000                 | 
00000                 | typedef struct _counter64 {
00000                 |     uint32_t low, high;
00000                 | } counter64_t;
00000                 | #line 96 "C:/flexprop/include/propeller2.h"
00000                 | void _clkset(uint32_t clkmode, uint32_t clkfreq);
00000                 | void _hubset(uint32_t val);
00000                 | void _reboot(void);
00000                 | 
00000                 | 
00000                 | int _coginit(int cog, void *pgm, void *ptr);
00000                 | #line 116 "C:/flexprop/include/propeller2.h"
00000                 | void _cogstop(int cog);
00000                 | int _cogchk(int cog);
00000                 | int _cogid(void);
00000                 | 
00000                 | int _locknew(void);
00000                 | void _lockret(int lock);
00000                 | 
00000                 | int _locktry(int lock);
00000                 | int _lockrel(int lock);
00000                 | int _lockchk(int lock);
00000                 | 
00000                 | void _cogatn(uint32_t mask);
00000                 | int _pollatn(void);
00000                 | int _waitatn(void);
00000                 | 
00000                 | 
00000                 | cartesian_t _rotxy(cartesian_t coord, uint32_t t);
00000                 | cartesian_t _polxy(polar_t coord);
00000                 | polar_t _xypol(cartesian_t coord);
00000                 | 
00000                 | 
00000                 | uint32_t _rnd(void);
00000                 | 
00000                 | 
00000                 | int _clz(uint32_t val);
00000                 | int _encod(uint32_t val);
00000                 | uint32_t _isqrt(uint32_t val);
00000                 | 
00000                 | 
00000                 | uint32_t _cnt(void);
00000                 | uint32_t _cnth(void);
00000                 | counter64_t _cnthl();
00000                 | uint32_t _getsec();
00000                 | uint32_t _getms();
00000                 | uint32_t _getus();
00000                 | 
00000                 | uint32_t _pollcnt(uint32_t tick);
00000                 | void _waitcnt(uint32_t tick);
00000                 | 
00000                 | void _waitx(uint32_t cycles);
00000                 | void _waitsec(uint32_t seconds);
00000                 | void _waitms(uint32_t milliseconds);
00000                 | void _waitus(uint32_t microseconds);
00000                 | 
00000                 | 
00000                 | void _pinw(int pin, int val);
00000                 | void _pinl(int pin);
00000                 | void _pinh(int pin);
00000                 | void _pinnot(int pin);
00000                 | void _pinrnd(int pin);
00000                 | void _pinf(int pin);
00000                 | int _pinr(int pin);
00000                 | 
00000                 | 
00000                 | void _wrpin(int pin, uint32_t val);
00000                 | void _wxpin(int pin, uint32_t val);
00000                 | void _wypin(int pin, uint32_t val);
00000                 | void _akpin(int pin);
00000                 | uint32_t _rdpin(int pin);
00000                 | uint32_t _rqpin(int pin);
00000                 | 
00000                 | 
00000                 | void _pinstart(int pin, uint32_t mode, uint32_t xval, uint32_t yval);
00000                 | 
00000                 | void _pinclear(int pin);
00000                 | 
00000                 | 
00000                 | extern uint32_t _clockfreq(void);
00000                 | extern uint32_t _clockmode(void);
00000                 | #line 10 "C:/flexprop/include/simpletools.h"
00000                 | #line 14 "C:/flexprop/include/simpletools.h"
00000                 | #line 1 "C:/flexprop/include/compiler.h"
00000                 | #line 15 "C:/flexprop/include/simpletools.h"
00000                 | #line 16 "C:/flexprop/include/simpletools.h"
00000                 | #line 1 "C:/flexprop/include/libsimpletext/simpletext.h"
00000                 | #line 3 "C:/flexprop/include/libsimpletext/simpletext.h"
00000                 | #line 1 "C:/flexprop/include/stdarg.h"
00000                 | #line 4 "C:/flexprop/include/libsimpletext/simpletext.h"
00000                 | #line 12 "C:/flexprop/include/libsimpletext/simpletext.h"
00000                 | typedef struct text_struct
00000                 | {
00000                 | 
00000                 |   int (*rxChar)(struct text_struct *p);
00000                 | 
00000                 |   int (*txChar)(struct text_struct *p, int ch);
00000                 | 
00000                 |   int cogid[ 7 ];
00000                 | 
00000                 |   volatile void *devst;
00000                 | 
00000                 |   volatile int terminalEcho;
00000                 | 
00000                 | 
00000                 | 
00000                 | 
00000                 |   volatile char ecA;
00000                 |   volatile char ecB;
00000                 |   volatile char ecsA;
00000                 |   volatile char ecsB;
00000                 | } text_t;
00000                 | 
00000                 | char *_safe_gets(text_t *text, char *buf, int count)  __fromfile("libsimpletext/safe_gets.c") ;
00000                 | char *getStr(char *buf, int max)  __fromfile("libsimpletext/getStr.c") ;
00000                 | 
00000                 | float string2float(char *s, char **end)  __fromfile("libsimpletext/stringToFloat.c") ;
00000                 | int _doscanf(const char *str, const char *fmt,  unsigned long  args)  __fromfile("libsimpletext/doscanf.c") ;
00000                 | 
00000                 | const char* _scanf_getl(const char *str, int *dst, int base, unsigned width, int isSigned)  __fromfile("libsimpletext/scanf_getl.c") ;
00000                 | const char* _scanf_getf(const char *str, float *dst)  __fromfile("libsimpletext/scanf_getf.c") ;
00000                 | 
00000                 | int scan(const char *fmt, ...)  __fromfile("libsimpletext/scan.c") ;
00000                 | #line 17 "C:/flexprop/include/simpletools.h"
00000                 | #line 1 "C:/flexprop/include/simplei2c.h"
00000                 | #line 21 "C:/flexprop/include/simplei2c.h"
00000                 | #line 1 "C:/flexprop/include/propeller2.h"
00000                 | #line 22 "C:/flexprop/include/simplei2c.h"
00000                 | #line 26 "C:/flexprop/include/simplei2c.h"
00000                 | typedef struct i2c_st
00000                 | {
00000                 |   int scl_pin;
00000                 |   int sda_pin;
00000                 |   int drivescl;
00000                 | } i2c;
00000                 | #line 46 "C:/flexprop/include/simplei2c.h"
00000                 | i2c *i2c_open(i2c *bus, int sclPin, int sdaPin, int sclDrive) __fromfile("libsimplei2c/simplei2c.c");
00000                 | #line 53 "C:/flexprop/include/simplei2c.h"
00000                 | void i2c_start(i2c *bus) __fromfile("libsimplei2c/simplei2c.c");
00000                 | #line 60 "C:/flexprop/include/simplei2c.h"
00000                 | void i2c_stop(i2c *bus) __fromfile("libsimplei2c/simplei2c.c");
00000                 | #line 72 "C:/flexprop/include/simplei2c.h"
00000                 | int i2c_writeByte(i2c *bus, int byte) __fromfile("libsimplei2c/simplei2c.c");
00000                 | #line 83 "C:/flexprop/include/simplei2c.h"
00000                 | int i2c_readByte(i2c *bus, int ackState) __fromfile("libsimplei2c/simplei2c.c");
00000                 | #line 97 "C:/flexprop/include/simplei2c.h"
00000                 | int i2c_writeData(i2c *bus, const unsigned char *data, int count) __fromfile("libsimplei2c/simplei2c.c");
00000                 | #line 112 "C:/flexprop/include/simplei2c.h"
00000                 | int i2c_readData(i2c *bus, unsigned char *data, int count) __fromfile("libsimplei2c/simplei2c.c");
00000                 | #line 123 "C:/flexprop/include/simplei2c.h"
00000                 | int i2c_poll(i2c *bus, int addr) __fromfile("libsimplei2c/simplei2c.c");
00000                 | #line 18 "C:/flexprop/include/simpletools.h"
00000                 | #line 30 "C:/flexprop/include/simpletools.h"
00000                 | int input(int pin)  __fromfile("libsimpletools/input.c") ;
00000                 | #line 45 "C:/flexprop/include/simpletools.h"
00000                 | unsigned get_direction(int pin)  __fromfile("libsimpletools/getDirection.c") ;
00000                 | unsigned get_directions(int startPin, int endPin)  __fromfile("libsimpletools/getDirections.c") ;
00000                 | unsigned get_output(int pin)  __fromfile("libsimpletools/getOutput.c") ;
00000                 | unsigned get_outputs(int startPin, int endPin)  __fromfile("libsimpletools/getOutputs.c") ;
00000                 | unsigned get_states(int endPin, int startPin)  __fromfile("libsimpletools/getStates.c") ;
00000                 | void set_directions(int endPin, int startPin, unsigned int pattern)  __fromfile("libsimpletools/setDirections.c") ;
00000                 | void set_outputs(int endPin, int startPin, unsigned int pattern)  __fromfile("libsimpletools/setOutputs.c") ;
00000                 | 
00000                 | long count(int pin, long duration, int pinToCount = -1)  __fromfile("libsimpletools/count.c") ;
00000                 | 
00000                 | void dac_ctr(int pin, int channel, int dacVal)  __fromfile("libsimpletools/dac.c") ;
00000                 | void dac_ctr_res(int bits)  __fromfile("libsimpletools/dac.c") ;
00000                 | void dac_ctr_stop(void)  __fromfile("libsimpletools/dac.c") ;
00000                 | 
00000                 | void freqout(int pin, int msTime, int frequency)  __fromfile("libsimpletools/freqout.c") ;
00000                 | 
00000                 | int pwm_start(unsigned int cycleMicroseconds)  __fromfile("libsimpletools/pwm.c") ;
00000                 | void pwm_set(int pin, int channel, int tHigh)  __fromfile("libsimpletools/pwm.c") ;
00000                 | void pwm_stop(void)  __fromfile("libsimpletools/pwm.c") ;
00000                 | 
00000                 | long pulse_in(int pin, int state)  __fromfile("libsimpletools/pulseIn.c") ;
00000                 | void pulse_out(int pin, int time)  __fromfile("libsimpletools/pulseOut.c") ;
00000                 | 
00000                 | long rc_time(int pin, int state)  __fromfile("libsimpletools/rcTime.c") ;
00000                 | 
00000                 | void square_wave(int pin, int channel, int freq)  __fromfile("libsimpletools/squareWave.c") ;
00000                 | void square_wave_stop(void)  __fromfile("libsimpletools/squareWave.c") ;
00000                 | 
00000                 | 
00000                 | void square_wave_stop_pin(int pin)  __fromfile("libsimpletools/squareWave.c") ;
00000                 | #line 79 "C:/flexprop/include/simpletools.h"
00000                 | int int_fraction(int a, int b, int shift)  __fromfile("libsimpletools/squareWave.c") ;
00000                 | 
00000                 | 
00000                 | 
00000                 | 
00000                 | 
00000                 | 
00000                 | 
00000                 | 
00000                 | 
00000                 | int shift_in(int pinDat, int pinClk, int mode, int bits)  __fromfile("libsimpletools/shiftIn.c") ;
00000                 | void shift_out(int pinDat, int pinClk, int mode, int bits, int value)  __fromfile("libsimpletools/shiftOut.c") ;
00000                 | 
00000                 | 
00000     00 00 00 00 | extern unsigned int st_buscnt;
00004                 | 
00004                 | i2c *i2c_newbus(int sclPin, int sdaPin, int sclDrive)  __fromfile("libsimpletools/i2c_init.c") ;
00004                 | int i2c_out(i2c *busID, int i2cAddr, int memAddr, int memAddrCount, const unsigned char *data, int dataCount)  __fromfile("libsimpletools/i2c_out.c") ;
00004                 | int i2c_in(i2c *busID, int i2cAddr, int memAddr, int memAddrCount, unsigned char *data, int dataCount)  __fromfile("libsimpletools/i2c_in.c") ;
00004                 | int i2c_busy(i2c *busID, int i2cAddr)  __fromfile("libsimpletools/i2c_busy.c") ;
00004                 | 
00004                 | 
00004     00 00 00 00 | extern i2c *st_eeprom;
00008     00 00 00 00 | extern int st_eeInitFlag;
0000c                 | #line 114 "C:/flexprop/include/simpletools.h"
0000c                 | void ee_config(int sclPin, int sdaPin, int sclDrive)  __fromfile("libsimpletools/eeprom_initSclDrive.c") ;
0000c                 | void ee_init()  __fromfile("libsimpletools/eeprom_init.c") ;
0000c                 | void ee_putByte(unsigned char value, int addr)  __fromfile("libsimpletools/eeprom_putByte.c") ;
0000c                 | char ee_getByte(int addr)  __fromfile("libsimpletools/eeprom_getByte.c") ;
0000c                 | void ee_putInt(int value, int addr)  __fromfile("libsimpletools/eeprom_putInt.c") ;
0000c                 | int ee_getInt(int addr)  __fromfile("libsimpletools/eeprom_getInt.c") ;
0000c                 | void ee_putStr(unsigned char *s, int n, int addr)  __fromfile("libsimpletools/eeprom_putStr.c") ;
0000c                 | unsigned char* ee_getStr(unsigned char* s, int n, int addr)  __fromfile("libsimpletools/eeprom_getStr.c") ;
0000c                 | void ee_putFloat32(float value, int addr)  __fromfile("libsimpletools/eeprom_putFloat.c") ;
0000c                 | float ee_getFloat32(int addr)  __fromfile("libsimpletools/eeprom_getFloat.c") ;
0000c                 | 
0000c                 | float constrainFloat(float value, float min, float max)  __fromfile("libsimpletools/constrainFloat.c") ;
0000c                 | int constrainInt(int value, int min, int max)  __fromfile("libsimpletools/constrainInt.c") ;
0000c                 | 
0000c                 | void endianSwap(void *resultAddr, void *varAddr, int byteCount)  __fromfile("libsimpletools/endianSwap.c") ;
0000c                 | 
0000c                 | float mapFloat(float value, float fromMin, float fromMax, float toMin, float toMax)  __fromfile("libsimpletools/mapFloat.c") ;
0000c                 | int mapInt(int value, int fromMin, int fromMax, int toMin, int toMax)  __fromfile("libsimpletools/mapInt.c") ;
0000c                 | 
0000c                 | int random(int limitLow, int limitHigh)  __fromfile("libsimpletools/random.c") ;
0000c                 | 
0000c                 | 
0000c                 | void cog_end(int *coginfo)  __fromfile("libsimpletools/cogend.c") ;
0000c                 | int cog_num(int *coginfo)  __fromfile("libsimpletools/cognum.c") ;
0000c                 | int* cog_run(void (*function)(void *par), int stacksize)  __fromfile("libsimpletools/cogrun.c") ;
0000c                 | #line 5 "ForceGauge.h"
0000c                 | #line 1 "C:/Users/riley.m/Tensile-Testing-Machine/Firmware/MaD_Firmware/include/Utility/Error.h"
0000c                 | #line 14 "C:/Users/riley.m/Tensile-Testing-Machine/Firmware/MaD_Firmware/include/Utility/Error.h"
0000c                 | typedef enum Error_e
0000c                 | {
0000c                 |     SUCCESS,
0000c                 |     FAIL,
0000c                 | 
0000c                 |     DISPLAY_NOT_FOUND = 2,
0000c                 |     DISPLAY_PLL_FAIL,
0000c                 |     DISPLAY_SDRAM_FAIL,
0000c                 | 
0000c                 |     RTC_RESET = 51,
0000c                 |     RTC_NOT_FOUND,
0000c                 | 
0000c                 |     DYN4_NOT_RESPONDING = 101,
0000c                 |     DYN4_CONNECTION_LOST,
0000c                 |     DYN4_COG_FAIL,
0000c                 | 
0000c                 |     FORCEGAUGE_NOT_RESPONDING = 151,
0000c                 |     FORCEGAUGE_CONNECTION_LOST,
0000c                 |     FORCEGAUGE_COG_FAIL,
0000c                 | 
0000c                 |     JSON_FILE_ERROR = 201,
0000c                 |     JSON_FILE_NOT_FOUND,
0000c                 |     JSON_FILE_READ_FAIL,
0000c                 |     JSON_FILE_WRITE_FAIL,
0000c                 |     JSON_FILE_INVALID,
0000c                 |     JSON_FILE_EMPTY,
0000c                 |     JSON_FILE_NOT_VALID,
0000c                 | 
0000c                 |     MCP23017_NOT_FOUND = 251,
0000c                 | 
0000c                 | } Error;
0000c                 | 
0000c                 | void print_error(Error value);
0000c                 | inline void seterror(Error *err, Error value);
0000c                 | #line 6 "ForceGauge.h"
0000c                 | #line 1 "C:/flexprop/include/stdlib.h"
0000c                 | #line 5 "C:/flexprop/include/stdlib.h"
0000c                 | #line 1 "C:/flexprop/include/sys/size_t.h"
0000c                 | 
0000c                 | 
0000c                 | 
0000c                 | 
0000c                 | 
0000c                 |   typedef  unsigned long  size_t;
0000c                 | #line 6 "C:/flexprop/include/stdlib.h"
0000c                 | #line 1 "C:/flexprop/include/sys/wchar_t.h"
0000c                 | #line 15 "C:/flexprop/include/sys/wchar_t.h"
0000c                 | typedef int wchar_t;
0000c                 | #line 24 "C:/flexprop/include/sys/wchar_t.h"
0000c                 | typedef struct _Mbstate {
0000c                 |   unsigned int total:5;
0000c                 |   unsigned int left:5;
0000c                 |   unsigned int partial:22;
0000c                 | } _Mbstate_t;
0000c                 | #line 7 "C:/flexprop/include/stdlib.h"
0000c                 | #line 1 "C:/flexprop/include/sys/null.h"
0000c                 | #line 8 "C:/flexprop/include/stdlib.h"
0000c                 | #line 22 "C:/flexprop/include/stdlib.h"
0000c                 |     double atof(const char *);
0000c                 |     int atoi(const char *)  __fromfile("libc/stdlib/atoi.c") ;
0000c                 |     long atol(const char *)  __fromfile("libc/stdlib/atoi.c") ;
0000c                 |     long long atoll(const char *);
0000c                 | 
0000c                 |   long double strtold(const char *nptr, char **endptr);
0000c                 |   double strtod(const char *nptr, char **endptr);
0000c                 |   float strtof(const char *nptr, char **endptr);
0000c                 | 
0000c                 |     long strtol(const char *nptr, char **endptr, int base)  __fromfile("libc/stdlib/strtol.c") ;
0000c                 |     unsigned long strtoul(const char *nptr, char **endptr, int base)  __fromfile("libc/stdlib/strtoul.c") ;
0000c                 |   long long strtoll(const char *nptr, char **endptr, int base);
0000c                 |   unsigned long long strtoull(const char *nptr, char **endptr, int base);
0000c                 | 
0000c                 | 
0000c                 |     int rand(void)  __fromfile("libc/stdlib/rand.c") ;
0000c                 |     void srand(unsigned int seed)  __fromfile("libc/stdlib/rand.c") ;
0000c                 | 
0000c                 |     void *malloc(size_t n)  __fromfile("libc/stdlib/malloc.c") ;
0000c                 |     void *calloc(size_t, size_t)  __fromfile("libc/stdlib/malloc.c") ;
0000c                 |     void *realloc(void *, size_t)  __fromfile("libc/stdlib/malloc.c") ;
0000c                 |     void free(void *)  __fromfile("libc/stdlib/malloc.c") ;
0000c                 | 
0000c                 | 
0000c                 |     int atexit(void (*func)(void))  __fromfile("libc/stdlib/exit.c") ;
0000c                 |      void exit(int status)  __fromfile("libc/stdlib/exit.c") ;
0000c                 |      void abort(void)  __fromfile("libc/stdlib/abort.c") ;
0000c                 |      void _Exit(int status)  __fromfile("libc/stdlib/_Exit.c") ;
0000c                 |    void _exit(int status);
0000c                 | #line 56 "C:/flexprop/include/stdlib.h"
0000c                 |    long labs(long l);
0000c                 | 
0000c                 | 
0000c                 |    long long llabs(long long ll);
0000c                 | 
0000c                 | 
0000c                 |   typedef struct {
0000c                 |     int quot, rem;
0000c                 |   } div_t;
0000c                 | 
0000c                 |   typedef struct {
0000c                 |     long int quot, rem;
0000c                 |   } ldiv_t;
0000c                 | 
0000c                 |   typedef struct {
0000c                 |     long long quot, rem;
0000c                 |   } lldiv_t;
0000c                 | 
0000c                 |   div_t div(int num, int denom);
0000c                 |   ldiv_t ldiv(long num, long denom);
0000c                 |   lldiv_t lldiv(long long num, long long denom);
0000c                 | 
0000c                 |     void qsort(void *base, size_t nmemb, size_t size, int (*compare)(const void *, const void *))  __fromfile("libc/stdlib/qsort.c") ;
0000c                 |   void *bsearch(const void *key, const void *base, size_t nmemb, size_t size,
0000c                 | 		int (*compare)(const void *, const void *));
0000c                 | 
0000c                 |     char *getenv(const char *name)  __fromfile("libc/stdlib/getenv.c") ;
0000c                 |     int putenv(const char *name)  __fromfile("libc/stdlib/putenv.c") ;
0000c                 | 
0000c                 | 
0000c     00 00 00 00 |   extern int _mb_cur_max;
00010                 | 
00010                 | 
00010                 | 
00010                 |   int mblen(const char *s, size_t n);
00010                 |   int mbtowc(wchar_t * __restrict pwc, const char * __restrict s, size_t n);
00010                 |   size_t mbstowcs(wchar_t *dest, const char *src, size_t n);
00010                 | 
00010                 | 
00010                 |   int system(const char *command);
00010                 | #line 102 "C:/flexprop/include/stdlib.h"
00010                 |     int _itoa_prec( unsigned int x, char *buf, unsigned base, int prec );
00010                 |     int _lltoa_prec( unsigned long long x, char *buf, unsigned base, int prec );
00010                 | #line 7 "ForceGauge.h"
00010                 | #line 1 "C:/Users/riley.m/Tensile-Testing-Machine/Firmware/MaD_Firmware/Librarys/JSON/JSON.h"
00010                 | #line 4 "C:/Users/riley.m/Tensile-Testing-Machine/Firmware/MaD_Firmware/Librarys/JSON/JSON.h"
00010                 | #line 1 "C:/flexprop/include/simpletools.h"
00010                 | #line 5 "C:/Users/riley.m/Tensile-Testing-Machine/Firmware/MaD_Firmware/Librarys/JSON/JSON.h"
00010                 | #line 1 "C:/flexprop/include/stddef.h"
00010                 | #line 4 "C:/flexprop/include/stddef.h"
00010                 | #line 1 "C:/flexprop/include/sys/size_t.h"
00010                 | #line 5 "C:/flexprop/include/stddef.h"
00010                 | #line 1 "C:/flexprop/include/sys/null.h"
00010                 | #line 6 "C:/flexprop/include/stddef.h"
00010                 | #line 1 "C:/flexprop/include/sys/wchar_t.h"
00010                 | #line 7 "C:/flexprop/include/stddef.h"
00010                 | 
00010                 | typedef long ptrdiff_t;
00010                 | #line 6 "C:/Users/riley.m/Tensile-Testing-Machine/Firmware/MaD_Firmware/Librarys/JSON/JSON.h"
00010                 | #line 1 "C:/flexprop/include/stdbool.h"
00010                 | #line 7 "C:/Users/riley.m/Tensile-Testing-Machine/Firmware/MaD_Firmware/Librarys/JSON/JSON.h"
00010                 | #line 1 "C:/flexprop/include/string.h"
00010                 | #line 4 "C:/flexprop/include/string.h"
00010                 | #line 1 "C:/flexprop/include/sys/size_t.h"
00010                 | #line 5 "C:/flexprop/include/string.h"
00010                 | #line 1 "C:/flexprop/include/sys/null.h"
00010                 | #line 6 "C:/flexprop/include/string.h"
00010                 | #line 12 "C:/flexprop/include/string.h"
00010                 |     void * memcpy(void *dest, const void *src, size_t n)  __fromfile("libc/string/memcpy.c") ;
00010                 |     void * memmove(void *dest, const void *src, size_t n)  __fromfile("libc/string/memmove.c") ;
00010                 | 
00010                 |     char * strcpy(char * __restrict dest, const char * __restrict src)  __fromfile("libc/string/strcpy.c") ;
00010                 |     char * strncpy(char * __restrict dest, const char * __restrict src, size_t n)  __fromfile("libc/string/strncpy.c") ;
00010                 |     char * strcat(char * __restrict dest, const char * __restrict src)  __fromfile("libc/string/strcat.c") ;
00010                 |     char * strncat(char * __restrict dest, const char * __restrict src, size_t n)  __fromfile("libc/string/strncat.c") ;
00010                 | 
00010                 |     size_t strcspn(char *s, const char *accept)  __fromfile("libc/string/strcspn.c") ;
00010                 |     size_t strspn(char *s, const char *reject)  __fromfile("libc/string/strspn.c") ;
00010                 | 
00010                 |     int memcmp(const void *s1, const void *s2, size_t n)  __fromfile("libc/string/memcmp.c") ;
00010                 |     int strcmp(const char *s1, const char *s2)  __fromfile("libc/string/strcmp.c") ;
00010                 |     int strcoll(const char *s1, const char *s2);
00010                 |     int strncmp(const char *s1, const char *s2, size_t n)  __fromfile("libc/string/strncmp.c") ;
00010                 |     size_t strxfrm(char *dest, const char *src, size_t n);
00010                 | 
00010                 |     char * strdup (const char *s1)  __fromfile("libc/string/strdup.c") ;
00010                 | 
00010                 |     void * memchr(const void *s, int c, size_t n)  __fromfile("libc/string/memchr.c") ;
00010                 |     char * strchr(const char *, int)  __fromfile("libc/string/strchr.c") ;
00010                 |     size_t strcspn(const char *s1, const char *s2);
00010                 |     char * strpbrk(const char *str, const char *accept);
00010                 |     char * strrchr(const char *, int)  __fromfile("libc/string/strrchr.c") ;
00010                 |     size_t strspn(const char *, const char *);
00010                 |     char * strstr(const char *src, const char *pattern)  __fromfile("libc/string/strstr.c") ;
00010                 |     char * strtok(char * __restrict str, const char * __restrict delim);
00010                 | 
00010                 | 
00010                 |     void * memset(void *dest, int c, size_t n)  __fromfile("libc/string/memset.c") ;
00010                 |     char * strerror(int err)  __fromfile("libc/string/strerror.c") ;
00010                 |     size_t strlen(const char *s)  __fromfile("libc/string/strlen.c") ;
00010                 | 
00010                 |     extern int _strcasecmp(const char *s1, const char *s2);
00010                 |     extern int _strncasecmp(const char *s1, const char *s2, size_t n);
00010                 | 
00010                 |     char *_strrev(char *str);
00010                 |     char *_strupr(char *str);
00010                 | 
00010                 | 
00010                 |     int strcasecmp(const char *s1, const char *s2)  __fromfile("libc/string/strcasecmp.c") ;
00010                 |     int strncasecmp(const char *s1, const char *s2, size_t n)  __fromfile("libc/string/strncasecmp.c") ;
00010                 | #line 8 "C:/Users/riley.m/Tensile-Testing-Machine/Firmware/MaD_Firmware/Librarys/JSON/JSON.h"
00010                 | #line 1 "C:/Users/riley.m/Tensile-Testing-Machine/Firmware/MaD_Firmware/include/Utility/Error.h"
00010                 | #line 9 "C:/Users/riley.m/Tensile-Testing-Machine/Firmware/MaD_Firmware/Librarys/JSON/JSON.h"
00010                 | #line 1 "C:/flexprop/include/stdio.h"
00010                 | #line 5 "C:/flexprop/include/stdio.h"
00010                 | #line 1 "C:/flexprop/include/sys/size_t.h"
00010                 | #line 6 "C:/flexprop/include/stdio.h"
00010                 | #line 1 "C:/flexprop/include/sys/types.h"
00010                 | #line 6 "C:/flexprop/include/sys/types.h"
00010                 | #line 1 "C:/flexprop/include/sys/size_t.h"
00010                 | #line 7 "C:/flexprop/include/sys/types.h"
00010                 | #line 1 "C:/flexprop/include/sys/wchar_t.h"
00010                 | #line 8 "C:/flexprop/include/sys/types.h"
00010                 | #line 1 "C:/flexprop/include/time.h"
00010                 | #line 7 "C:/flexprop/include/time.h"
00010                 | #line 1 "C:/flexprop/include/sys/size_t.h"
00010                 | #line 8 "C:/flexprop/include/time.h"
00010                 | #line 13 "C:/flexprop/include/time.h"
00010                 | typedef unsigned int clock_t;
00010                 | #line 29 "C:/flexprop/include/time.h"
00010                 | typedef unsigned long time_t;
00010                 | 
00010                 | 
00010                 | 
00010                 | 
00010                 | struct tm {
00010                 |   int tm_sec;
00010                 |   int tm_min;
00010                 |   int tm_hour;
00010                 |   int tm_mday;
00010                 |   int tm_mon;
00010                 |   int tm_year;
00010                 |   int tm_wday;
00010                 |   int tm_yday;
00010                 |   int tm_isdst;
00010                 | };
00010                 | 
00010                 | 
00010                 |     clock_t clock(void)  __fromfile("libc/sys/propeller/clock.c") ;
00010                 |     time_t time(time_t *)  __fromfile("libc/time/time.c") ;
00010                 |     double difftime(time_t time2, time_t time1)  __fromfile("libc/time/difftime.c") ;
00010                 | 
00010                 |     time_t mktime(struct tm *stm)  __fromfile("libc/time/localtim.c") ;
00010                 | 
00010                 |     struct tm *_gmtime_r(const time_t *t, struct tm *stm)  __fromfile("libc/time/localtim.c") ;
00010                 |     struct tm *gmtime(const time_t *)  __fromfile("libc/time/localtim.c") ;
00010                 |     struct tm *_localtime_r(const time_t *, struct tm *)  __fromfile("libc/time/localtim.c") ;
00010                 |     struct tm *localtime(const time_t *)  __fromfile("libc/time/localtim.c") ;
00010                 | 
00010                 | 
00010                 | 
00010                 |     unsigned long  strftime(char *s,  unsigned long  max, const char *format, const struct tm *stm)  __attribute__((complexio))   __fromfile("libc/time/strftime.c") ;
00010                 | 
00010                 |     char *asctime(const struct tm *stm)  __attribute__((complexio))   __fromfile("libc/time/asctime.c") ;
00010                 |     char *asctime_r(const struct tm *stm, char *buf)  __attribute__((complexio))   __fromfile("libc/time/asctime.c") ;
00010                 |     char *ctime(const time_t *timep)  __attribute__((complexio))   __fromfile("libc/time/asctime.c") ;
00010                 |     char *ctime_r(const time_t *timep, char *buf)  __attribute__((complexio))   __fromfile("libc/time/asctime.c") ;
00010                 | #line 74 "C:/flexprop/include/time.h"
00010                 |     void _tzset(void)  __fromfile("libc/time/localtim.c") ;
00010                 | #line 9 "C:/flexprop/include/sys/types.h"
00010                 | 
00010                 | 
00010                 | typedef long off_t;
00010                 | 
00010                 | 
00010                 | 
00010                 | typedef long ssize_t;
00010                 | 
00010                 | 
00010                 | 
00010                 | typedef int dev_t;
00010                 | typedef int ino_t;
00010                 | typedef unsigned int mode_t;
00010                 | 
00010                 | typedef unsigned short uid_t;
00010                 | typedef unsigned short gid_t;
00010                 | 
00010                 | typedef int pid_t;
00010                 | 
00010                 | struct stat {
00010                 |   int st_dev;
00010                 |   int st_ino;
00010                 |   unsigned int st_mode;
00010                 |   int st_nlink;
00010                 |   uid_t st_uid;
00010                 |   gid_t st_gid;
00010                 |   int st_rdev;
00010                 |   long st_size;
00010                 |   long st_blksize;
00010                 |   long st_blocks;
00010                 |   time_t st_atime;
00010                 |   time_t st_mtime;
00010                 |   time_t st_ctime;
00010                 | };
00010                 | 
00010                 | typedef struct s_vfs_file_t vfs_file_t;
00010                 | 
00010                 | struct s_vfs_file_t {
00010                 |     void *vfsdata;
00010                 |     unsigned flags;
00010                 |     unsigned state;
00010                 |     int lock;
00010                 |     ssize_t (*read)(vfs_file_t *fil, void *buf, size_t count);
00010                 |     ssize_t (*write)(vfs_file_t *fil, const void *buf, size_t count);
00010                 |     int (*putcf)(int c, vfs_file_t *fil);
00010                 |     int (*getcf)(vfs_file_t *fil);
00010                 |     int (*close)(vfs_file_t *fil);
00010                 |     int (*ioctl)(vfs_file_t *fil, int arg, void *buf);
00010                 |     int (*flush)(vfs_file_t *fil);
00010                 |     off_t (*lseek)(vfs_file_t *fil, off_t offset, int whence);
00010                 | 
00010                 | 
00010                 |     int putchar(int c) {
00010                 |         int i;
00010                 |         if (!putcf) return 0;
00010                 |         i = putcf(c, __this); return (i < 0) ? 0 : 1;
00010                 |     }
00010                 |     int getchar(void) {
00010                 |         if (!getcf) return -1;
00010                 |         return getcf(__this);
00010                 |     }
00010                 | };
00010                 | 
00010                 | typedef int (*putcfunc_t)(int c, vfs_file_t *fil);
00010                 | typedef int (*getcfunc_t)(vfs_file_t *fil);
00010                 | #line 7 "C:/flexprop/include/stdio.h"
00010                 | #line 1 "C:/flexprop/include/sys/limits.h"
00010                 | #line 8 "C:/flexprop/include/stdio.h"
00010                 | #line 1 "C:/flexprop/include/sys/vfs.h"
00010                 | #line 4 "C:/flexprop/include/sys/vfs.h"
00010                 | #line 1 "C:/flexprop/include/sys/types.h"
00010                 | #line 5 "C:/flexprop/include/sys/vfs.h"
00010                 | #line 1 "C:/flexprop/include/dirent.h"
00010                 | #line 8 "C:/flexprop/include/dirent.h"
00010                 | struct dirent {
00010                 |     char d_name[ (64) ];
00010                 |     unsigned long d_off;
00010                 |     unsigned long d_ino;
00010                 |     unsigned long d_size;
00010                 |     unsigned long d_mtime;
00010                 |     unsigned char d_type;
00010                 | };
00010                 | 
00010                 | 
00010                 | 
00010                 | 
00010                 | 
00010                 | 
00010                 | typedef struct _dir {
00010                 |     void *vfs;
00010                 |     void *vfsdata;
00010                 |     struct dirent dirent;
00010                 | } DIR;
00010                 | 
00010                 | DIR *opendir(const char *name)  __fromfile("libc/unix/opendir.c") ;
00010                 | int closedir(DIR *dir)  __fromfile("libc/unix/opendir.c") ;
00010                 | struct dirent *readdir(DIR *dirp)  __fromfile("libc/unix/opendir.c") ;
00010                 | #line 6 "C:/flexprop/include/sys/vfs.h"
00010                 | 
00010                 | typedef DIR vfs_dir_t;
00010                 | #line 11 "C:/flexprop/include/sys/vfs.h"
00010                 | struct vfs {
00010                 | 
00010                 |     int (*close)(vfs_file_t *fil);
00010                 |     ssize_t (*read)(vfs_file_t *fil, void *buf, size_t siz);
00010                 |     ssize_t (*write)(vfs_file_t *fil, const void *buf, size_t siz);
00010                 |     off_t (*lseek)(vfs_file_t *fil, off_t offset, int whence);
00010                 |     int (*ioctl)(vfs_file_t *fil, unsigned long req, void *argp);
00010                 |     int (*flush)(vfs_file_t *fil);
00010                 |     void *vfs_data;
00010                 |     void *reserved;
00010                 | 
00010                 |     int (*open)(vfs_file_t *fil, const char *name, int flags);
00010                 |     int (*creat)(vfs_file_t *fil, const char *pathname, mode_t mode);
00010                 | 
00010                 |     int (*opendir)(vfs_dir_t *dir, const char *name);
00010                 |     int (*closedir)(vfs_dir_t *dir);
00010                 |     int (*readdir)(vfs_dir_t *dir, struct dirent *ent);
00010                 |     int (*stat)(const char *name, struct stat *buf);
00010                 | 
00010                 |     int (*mkdir)(const char *name, mode_t mode);
00010                 |     int (*rmdir)(const char *name);
00010                 | 
00010                 |     int (*remove)(const char *pathname);
00010                 |     int (*rename)(const char *oldname, const char *newname);
00010                 | 
00010                 |     int (*init)(const char *mountname);
00010                 |     int (*deinit)(const char *mountname);
00010                 | };
00010                 | 
00010                 | typedef struct vfs vfs_t;
00010                 | 
00010                 | int _openraw(void *f, const char *name, unsigned flags, unsigned perm)  __fromfile("libc/unix/posixio.c") ;
00010                 | int _closeraw(void *f)  __fromfile("libc/unix/posixio.c") ;
00010                 | 
00010                 | 
00010                 | 
00010                 | struct vfs *_getrootvfs(void);
00010                 | void _setrootvfs(struct vfs *);
00010                 | 
00010                 | struct vfs *_vfs_open_host(void)  __fromfile("filesys/fs9p/fs9p_vfs.c") ;
00010                 | struct vfs *_vfs_open_sdcard(void)  __fromfile("filesys/fatfs/fatfs_vfs.c") ;
00010                 | struct vfs *_vfs_open_sdcardx(int pclk = 61, int pss = 60, int pdi = 59, int pdo = 58)  __fromfile("filesys/fatfs/fatfs_vfs.c") ;
00010                 | #line 64 "C:/flexprop/include/sys/vfs.h"
00010                 | struct _default_buffer {
00010                 |     int cnt;
00010                 |     unsigned char *ptr;
00010                 |     unsigned flags;
00010                 | 
00010                 | 
00010                 |     unsigned char buf[ 1024 ];
00010                 | };
00010                 | 
00010                 | int __default_getc(vfs_file_t *f)  __fromfile("libc/unix/bufio.c") ;
00010                 | int __default_putc(int c, vfs_file_t *f)  __fromfile("libc/unix/bufio.c") ;
00010                 | int __default_putc_terminal(int c, vfs_file_t *f)  __fromfile("libc/unix/bufio.c") ;
00010                 | int __default_flush(vfs_file_t *f)  __fromfile("libc/unix/bufio.c") ;
00010                 | 
00010                 | 
00010                 | char *__getfilebuffer();
00010                 | struct vfs *__getvfsforfile(char *fullname, const char *orig_name, char *full_path);
00010                 | #line 9 "C:/flexprop/include/stdio.h"
00010                 | #line 1 "C:/flexprop/include/unistd.h"
00010                 | #line 2 "C:/flexprop/include/unistd.h"
00010                 | #line 1 "C:/flexprop/include/sys/unistd.h"
00010                 | #line 4 "C:/flexprop/include/sys/unistd.h"
00010                 | #line 1 "C:/flexprop/include/sys/types.h"
00010                 | #line 5 "C:/flexprop/include/sys/unistd.h"
00010                 | #line 22 "C:/flexprop/include/sys/unistd.h"
00010                 |   typedef unsigned int useconds_t;
00010                 | 
00010                 |   int open(const char *name, int flags, mode_t mode)  __attribute__((complexio))   __fromfile("libc/unix/posixio.c") ;
00010                 |   int write(int fd, const void *buf, int count)  __fromfile("libc/unix/posixio.c") ;
00010                 |   int read(int fd, void *buf, int count)  __fromfile("libc/unix/posixio.c") ;
00010                 |   int close(int fd)  __fromfile("libc/unix/posixio.c") ;
00010                 |   off_t lseek(int fd, off_t offset, int whence)  __fromfile("libc/unix/posixio.c") ;
00010                 |   int ioctl(int fd, unsigned long req, void *argp)  __fromfile("libc/unix/ioctl.c") ;
00010                 |   int access(const char *path, int mode)  __fromfile("libc/unix/access.c") ;
00010                 | 
00010                 | 
00010                 | 
00010                 | 
00010                 | 
00010                 | 
00010                 | 
00010                 |   int isatty(int fd)  __fromfile("libc/unix/isatty.c") ;
00010                 | 
00010                 |   char *getcwd(char *buf, int size)  __attribute__((complexio))   __fromfile("libc/unix/_mount.c") ;
00010                 |   int chdir(const char *path)  __attribute__((complexio))   __fromfile("libc/unix/_mount.c") ;
00010                 |   int rmdir(const char *path)  __attribute__((complexio))   __fromfile("libc/unix/posixio.c") ;
00010                 |   int mkdir(const char *path, int mode)  __attribute__((complexio))   __fromfile("libc/unix/posixio.c") ;
00010                 | 
00010                 |   int unlink(const char *path)  __attribute__((complexio))   __fromfile("libc/unix/posixio.c") ;
00010                 |   int chown(const char *pathname, uid_t owner, gid_t group)  __fromfile("libc/unix/posixio.c") ;
00010                 |   int chmod(const char *pathname, mode_t mode)  __fromfile("libc/unix/posixio.c") ;
00010                 | 
00010                 |   unsigned int sleep(unsigned int seconds)  __fromfile("libc/time/sleep.c") ;
00010                 |   int usleep(useconds_t usec)  __fromfile("libc/time/usleep.c") ;
00010                 | 
00010                 |   char *_mktemp(char *templ);
00010                 |   char *mktemp(char *);
00010                 | 
00010                 |   const char **_get_environ_ptr()  __fromfile("libc/stdlib/getenv.c") ;
00010                 |   void _put_environ_ptr(const char **ptr)  __fromfile("libc/stdlib/getenv.c") ;
00010                 | 
00010                 | 
00010                 | 
00010                 | 
00010                 | 
00010                 |     int _execve(const char *path, char **args, char **env)  __attribute__((complexio))   __fromfile("libc/unix/exec.c") ;
00010                 | #line 3 "C:/flexprop/include/unistd.h"
00010                 | #line 10 "C:/flexprop/include/stdio.h"
00010                 | #line 27 "C:/flexprop/include/stdio.h"
00010                 | typedef vfs_file_t FILE;
00010                 | typedef struct string_file_t {
00010                 |     FILE file;
00010                 |     const char *ptr;
00010                 |     size_t pos;
00010                 |     size_t len;
00010                 | } _STRING_FILE;
00010                 | 
00010                 | FILE *__getftab(int i)  __fromfile("libc/unix/posixio.c") ;
00010                 | 
00010                 | 
00010                 | 
00010                 | 
00010                 | 
00010                 | 
00010                 | 
00010                 | int fputc(int c, FILE *f)  __fromfile("libc/stdio/fputs.c") ;
00010                 | int fgetc(FILE *f)  __fromfile("libc/stdio/fputs.c") ;
00010                 | 
00010                 | 
00010                 | 
00010                 | 
00010                 | int sprintf(char *str, const char *format, ...)  __attribute__((complexio))   __fromfile("libc/stdio/sprintf.c") ;
00010                 | int snprintf(char *str, size_t size, const char *format, ...)  __attribute__((complexio))   __fromfile("libc/stdio/sprintf.c") ;
00010                 | int printf(const char *format, ...)  __fromfile("libc/stdio/fprintf.c") ;
00010                 | int fprintf(FILE *f, const char *format, ...)  __attribute__((complexio))   __fromfile("libc/stdio/fprintf.c") ;
00010                 | 
00010                 | int vsprintf(char *str, const char *format, unsigned long ap)  __attribute__((complexio))   __fromfile("libc/stdio/sprintf.c") ;
00010                 | int vsnprintf(char *str, size_t size, const char *format, unsigned long ap)  __attribute__((complexio))   __fromfile("libc/stdio/sprintf.c") ;
00010                 | int vprintf(const char *format, unsigned long ap)  __fromfile("libc/stdio/fprintf.c") ;
00010                 | int vfprintf(FILE *f, const char *format, unsigned long ap)  __attribute__((complexio))   __fromfile("libc/stdio/fprintf.c") ;
00010                 | 
00010                 | int vscanf(const char *format, unsigned long ap)  __fromfile("libc/stdio/vscanf.c") ;
00010                 | int vsscanf(char *str, const char *format, unsigned long ap)  __attribute__((complexio))   __fromfile("libc/stdio/sscanf.c") ;
00010                 | int vfscanf(FILE *f, const char *format, unsigned long ap)  __attribute__((complexio))   __fromfile("libc/stdio/vfscanf.c") ;
00010                 | 
00010                 | int scanf(const char *format, ...)  __fromfile("libc/stdio/scanf.c") ;
00010                 | int sscanf(char *str, const char *format, ...)  __attribute__((complexio))   __fromfile("libc/stdio/sscanf.c") ;
00010                 | int fscanf(FILE *f, const char *format, ...)  __attribute__((complexio))   __fromfile("libc/stdio/fscanf.c") ;
00010                 | 
00010                 | int fputs(const char *s, FILE *f)  __attribute__((complexio))   __fromfile("libc/stdio/fputs.c") ;
00010                 | int puts(const char *s)  __fromfile("libc/stdio/fputs.c") ;
00010                 | 
00010                 | char *gets(char *data)  __fromfile("libc/stdio/gets.c") ;
00010                 | char *fgets(char *buf, int size, FILE *f)  __attribute__((complexio))   __fromfile("libc/stdio/fgets.c") ;
00010                 | 
00010                 | FILE *fopen(const char *name, const char *mode)  __attribute__((complexio))   __fromfile("libc/stdio/fopen.c") ;
00010                 | FILE *__string_file(_STRING_FILE *fp, const char *str, const char *mode, size_t len)  __attribute__((complexio))   __fromfile("libc/stdio/stringio.c") ;
00010                 | 
00010                 | int fclose(FILE *f)  __attribute__((complexio))   __fromfile("libc/stdio/fopen.c") ;
00010                 | int fflush(FILE *f)  __attribute__((complexio))   __fromfile("libc/stdio/fflush.c") ;
00010                 | size_t fwrite(const void *ptr, size_t size, size_t n, FILE *f)  __attribute__((complexio))   __fromfile("libc/stdio/fwrite.c") ;
00010                 | size_t fread(void *ptr, size_t size, size_t n, FILE *f)  __attribute__((complexio))   __fromfile("libc/stdio/fwrite.c") ;
00010                 | 
00010                 | void clearerr(FILE *f)  __fromfile("libc/stdio/clearerr.c") ;
00010                 | void perror(const char *s)  __fromfile("libc/stdio/perror.c") ;
00010                 | 
00010                 | int fileno(FILE *f)  __fromfile("libc/stdio/fileno.c") ;
00010                 | 
00010                 | int fseek(FILE *f, long offset, int whence)  __fromfile("libc/stdio/fseek.c") ;
00010                 | long ftell(FILE *f)  __fromfile("libc/stdio/fseek.c") ;
00010                 | 
00010                 | int remove(const char *pathname)  __fromfile("libsys/remove.c") ;
00010                 | 
00010                 | 
00010                 | 
00010                 | 
00010                 | 
00010                 | 
00010                 | 
00010                 | 
00010                 | 
00010                 | int rename(const char *oldpath, const char *newpath)  __fromfile("libc/unix/rename.c") ;
00010                 | #line 10 "C:/Users/riley.m/Tensile-Testing-Machine/Firmware/MaD_Firmware/Librarys/JSON/JSON.h"
00010                 | #line 1 "C:/flexprop/include/stdlib.h"
00010                 | #line 11 "C:/Users/riley.m/Tensile-Testing-Machine/Firmware/MaD_Firmware/Librarys/JSON/JSON.h"
00010                 | #line 1 "C:/Users/riley.m/Tensile-Testing-Machine/Firmware/MaD_Firmware/Librarys/tiny-json/tiny-json.h"
00010                 | #line 33 "C:/Users/riley.m/Tensile-Testing-Machine/Firmware/MaD_Firmware/Librarys/tiny-json/tiny-json.h"
00010                 | #line 1 "C:/flexprop/include/stddef.h"
00010                 | #line 34 "C:/Users/riley.m/Tensile-Testing-Machine/Firmware/MaD_Firmware/Librarys/tiny-json/tiny-json.h"
00010                 | #line 1 "C:/flexprop/include/stdlib.h"
00010                 | #line 35 "C:/Users/riley.m/Tensile-Testing-Machine/Firmware/MaD_Firmware/Librarys/tiny-json/tiny-json.h"
00010                 | #line 1 "C:/flexprop/include/stdbool.h"
00010                 | #line 36 "C:/Users/riley.m/Tensile-Testing-Machine/Firmware/MaD_Firmware/Librarys/tiny-json/tiny-json.h"
00010                 | #line 1 "C:/flexprop/include/stdint.h"
00010                 | #line 37 "C:/Users/riley.m/Tensile-Testing-Machine/Firmware/MaD_Firmware/Librarys/tiny-json/tiny-json.h"
00010                 | #line 45 "C:/Users/riley.m/Tensile-Testing-Machine/Firmware/MaD_Firmware/Librarys/tiny-json/tiny-json.h"
00010                 | typedef enum
00010                 | {
00010                 |     JSON_OBJ,
00010                 |     JSON_ARRAY,
00010                 |     JSON_TEXT,
00010                 |     JSON_BOOLEAN,
00010                 |     JSON_INTEGER,
00010                 |     JSON_REAL,
00010                 |     JSON_NULL
00010                 | } jsonType_t;
00010                 | 
00010                 | 
00010                 | typedef struct json_s
00010                 | {
00010                 |     struct json_s *sibling;
00010                 |     char const *name;
00010                 |     union
00010                 |     {
00010                 |         char const *value;
00010                 |         struct
00010                 |         {
00010                 |             struct json_s *child;
00010                 |             struct json_s *last_child;
00010                 |         } c;
00010                 |     } u;
00010                 |     jsonType_t type;
00010                 | } json_t;
00010                 | #line 80 "C:/Users/riley.m/Tensile-Testing-Machine/Firmware/MaD_Firmware/Librarys/tiny-json/tiny-json.h"
00010                 | json_t const *json_create(char *str, json_t *mem, unsigned int qty);
00010                 | #line 86 "C:/Users/riley.m/Tensile-Testing-Machine/Firmware/MaD_Firmware/Librarys/tiny-json/tiny-json.h"
00010                 | const char *json_getName(json_t const *json);
00010                 | #line 92 "C:/Users/riley.m/Tensile-Testing-Machine/Firmware/MaD_Firmware/Librarys/tiny-json/tiny-json.h"
00010                 | const char *json_getValue(json_t const *property);
00010                 | #line 97 "C:/Users/riley.m/Tensile-Testing-Machine/Firmware/MaD_Firmware/Librarys/tiny-json/tiny-json.h"
00010                 | jsonType_t json_getType(json_t const *json);
00010                 | #line 103 "C:/Users/riley.m/Tensile-Testing-Machine/Firmware/MaD_Firmware/Librarys/tiny-json/tiny-json.h"
00010                 | json_t const *json_getSibling(json_t const *json);
00010                 | #line 110 "C:/Users/riley.m/Tensile-Testing-Machine/Firmware/MaD_Firmware/Librarys/tiny-json/tiny-json.h"
00010                 | json_t const *json_getProperty(json_t const *obj, char const *property);
00010                 | #line 117 "C:/Users/riley.m/Tensile-Testing-Machine/Firmware/MaD_Firmware/Librarys/tiny-json/tiny-json.h"
00010                 | char const *json_getPropertyValue(json_t const *obj, char const *property);
00010                 | #line 124 "C:/Users/riley.m/Tensile-Testing-Machine/Firmware/MaD_Firmware/Librarys/tiny-json/tiny-json.h"
00010                 | json_t *json_getChild(json_t const *json);
00010                 | #line 129 "C:/Users/riley.m/Tensile-Testing-Machine/Firmware/MaD_Firmware/Librarys/tiny-json/tiny-json.h"
00010                 | _Bool  json_getBoolean(json_t const *property);
00010                 | #line 134 "C:/Users/riley.m/Tensile-Testing-Machine/Firmware/MaD_Firmware/Librarys/tiny-json/tiny-json.h"
00010                 | int json_getInteger(json_t const *property);
00010                 | #line 138 "C:/Users/riley.m/Tensile-Testing-Machine/Firmware/MaD_Firmware/Librarys/tiny-json/tiny-json.h"
00010                 | double json_getReal(json_t const *property);
00010                 | 
00010                 | 
00010                 | typedef struct jsonPool_s jsonPool_t;
00010                 | struct jsonPool_s
00010                 | {
00010                 |     json_t *(*init)(jsonPool_t *pool);
00010                 |     json_t *(*alloc)(jsonPool_t *pool);
00010                 | };
00010                 | #line 154 "C:/Users/riley.m/Tensile-Testing-Machine/Firmware/MaD_Firmware/Librarys/tiny-json/tiny-json.h"
00010                 | json_t const *json_createWithPool(char *str, jsonPool_t *pool);
00010                 | #line 12 "C:/Users/riley.m/Tensile-Testing-Machine/Firmware/MaD_Firmware/Librarys/JSON/JSON.h"
00010                 | #line 1 "C:/flexprop/include/stdio.h"
00010                 | #line 13 "C:/Users/riley.m/Tensile-Testing-Machine/Firmware/MaD_Firmware/Librarys/JSON/JSON.h"
00010                 | #line 1 "C:/flexprop/include/stdlib.h"
00010                 | #line 14 "C:/Users/riley.m/Tensile-Testing-Machine/Firmware/MaD_Firmware/Librarys/JSON/JSON.h"
00010                 | #line 43 "C:/Users/riley.m/Tensile-Testing-Machine/Firmware/MaD_Firmware/Librarys/JSON/JSON.h"
00010                 | typedef struct MachineConfiguration_s
00010                 | {
00010                 |     char motorType[ 20 ];
00010                 |     double maxMotorTorque;
00010                 |     double maxMotorRPM;
00010                 |     double gearDiameter;
00010                 |     double gearPitch;
00010                 |     double systemIntertia;
00010                 |     double staticTorque;
00010                 |     double load;
00010                 |     char positionEncoderType[ 20 ];
00010                 |     double positionEncoderStepsPerRev;
00010                 |     char forceGauge[ 20 ];
00010                 |     double forceGaugeScaleFactor;
00010                 |     int forceGaugeZeroFactor;
00010                 | } MachineConfiguration;
00010                 | 
00010                 | 
00010                 | typedef struct MachinePerformance_s
00010                 | {
00010                 |     double minPosition;
00010                 |     double maxPosition;
00010                 |     double maxVelocity;
00010                 |     double maxAcceleration;
00010                 |     double maxForceTensile;
00010                 |     double maxForceCompression;
00010                 |     double forceGaugeNeutralOffset;
00010                 | } MachinePerformance;
00010                 | 
00010                 | 
00010                 | typedef struct MachineProfile_s
00010                 | {
00010                 |     char name[ 20 ];
00010                 |     int number;
00010                 |     MachineConfiguration configuration;
00010                 |     MachinePerformance performance;
00010                 | } MachineProfile;
00010                 | 
00010                 | 
00010                 | 
00010                 | 
00010                 | typedef struct MotionQuartet_s
00010                 | {
00010                 |     char name[ 50 ];
00010                 |     int function;
00010                 |     double parameters[ 10 ];
00010                 |     double dwell;
00010                 | } MotionQuartet;
00010                 | 
00010                 | 
00010                 | typedef struct MotionSet_s
00010                 | {
00010                 |     char name[ 50 ];
00010                 |     int number;
00010                 |     char type[ 10 ];
00010                 |     int executions;
00010                 |     int quartetCount;
00010                 |     MotionQuartet quartets[ 10 ];
00010                 | } MotionSet;
00010                 | 
00010                 | 
00010                 | typedef struct MotionProfile_s
00010                 | {
00010                 |     char name[ 50 ];
00010                 |     int number;
00010                 |     int setCount;
00010                 |     MotionSet sets[ 15 ];
00010                 | } MotionProfile;
00010                 | 
00010                 | 
00010                 | typedef struct SampleProfile_s
00010                 | {
00010                 |     char *name;
00010                 |     int number;
00010                 |     double length;
00010                 |     double stretchMax;
00010                 |     double maxVelocity;
00010                 |     double maxAcceleration;
00010                 |     double maxJerk;
00010                 |     double maxForceTensile;
00010                 |     double maxForceCompression;
00010                 | 
00010                 | } SampleProfile;
00010                 | 
00010                 | 
00010                 | typedef struct TestProfile_s
00010                 | {
00010                 |     char *name;
00010                 |     int sampleSN;
00010                 |     MachineProfile *machineProfile;
00010                 |     SampleProfile *sampleProfile;
00010                 |     MotionProfile *motionProfile;
00010                 |     char *comment;
00010                 | } TestProfile;
00010                 | 
00010                 | 
00010                 | 
00010                 | void machine_configuration_init(MachineConfiguration *configuration);
00010                 | void machine_performance_init(MachinePerformance *performance);
00010                 | void machine_profile_init(MachineProfile *profile);
00010                 | void motion_quartet_init(MotionQuartet *quartet);
00010                 | void motion_set_init(MotionSet *set);
00010                 | void motion_profile_init(MotionProfile *profile);
00010                 | 
00010                 | Error machine_profile_to_json(MachineProfile *settings, const char *filename);
00010                 | Error sample_profile_to_json(SampleProfile *sample, const char *filename);
00010                 | Error test_profile_to_json(TestProfile *test, const char *filename);
00010                 | Error motion_profile_to_json(MotionProfile *motion, const char *filename);
00010                 | Error motion_set_to_json(MotionSet *set, char *filename);
00010                 | Error motion_quartet_to_json(MotionQuartet *quartet, const char *filename);
00010                 | 
00010                 | void json_to_machine_profile(MachineProfile *profile, const char *filename);
00010                 | void json_to_sample_profile(SampleProfile *sample, const char *filename);
00010                 | void json_to_test_profile(const char *filename, TestProfile *test);
00010                 | void json_to_motion_profile(const char *filename, MotionProfile *profile);
00010                 | void json_to_motion_set(const char *filename, MotionSet *set);
00010                 | void json_to_motion_quartet(const char *filename, MotionQuartet *quartet);
00010                 | 
00010                 | void json_print_machine_profile(MachineProfile *profile);
00010                 | void json_print_motion_profile(MotionProfile *profile);
00010                 | 
00010                 | void free_machine_profile(MachineProfile *settings);
00010                 | void free_machine_performance(MachinePerformance *performance);
00010                 | void free_machine_configuration(MachineConfiguration *configuration);
00010                 | void free_sample_profile(SampleProfile *sample);
00010                 | void free_test_profile(TestProfile *test);
00010                 | void free_motion_profile(MotionProfile *profile);
00010                 | void free_motion_set(MotionSet *set);
00010                 | void free_motion_quartet(MotionQuartet *quartet);
00010                 | #line 8 "ForceGauge.h"
00010                 | 
00010                 | 
00010                 | 
00010                 | 
00010                 | typedef struct __using("jm_fullduplexserial.spin2") FDS;
00010                 | 
00010                 | typedef struct ForceGauge_s
00010                 | {
00010                 |     int counter;
00010                 |     unsigned int force;
00010                 |     uint8_t buffer[4];
00010                 |     FDS serial;
00010                 | 
00010                 | } ForceGauge;
00010                 | 
00010                 | int force_gauge_raw_to_force(ForceGauge *forceGauge, int raw);
00010                 | int raw_to_force(int raw, MachineConfiguration *configuration);
00010                 | int force_gauge_get_raw(ForceGauge *forceGauge, Error *err);
00010                 | 
00010                 | Error force_gauge_begin(ForceGauge *forceGauge, int rx, int tx);
00010                 | void force_gauge_stop(ForceGauge *forceGauge);
00010                 | #line 2 "C:/Users/riley.m/Tensile-Testing-Machine/Firmware/MaD_Firmware/Librarys/ForceGauge/ForceGauge.c"
00010                 | #line 1 "C:/flexprop/include/simpletools.h"
00010                 | #line 3 "C:/Users/riley.m/Tensile-Testing-Machine/Firmware/MaD_Firmware/Librarys/ForceGauge/ForceGauge.c"
00010                 | #line 1 "C:/flexprop/include/math.h"
00010                 | #line 77 "C:/flexprop/include/math.h"
00010                 | typedef float float_t;
00010                 | typedef double double_t;
00010                 | #line 4 "C:/Users/riley.m/Tensile-Testing-Machine/Firmware/MaD_Firmware/Librarys/ForceGauge/ForceGauge.c"
00010                 | #line 15 "C:/Users/riley.m/Tensile-Testing-Machine/Firmware/MaD_Firmware/Librarys/ForceGauge/ForceGauge.c"
00010                 | union Data_v
00010                 | {
00010                 |     int32_t val;
00010                 |     uint8_t bval[4];
00010                 | };
00010                 | 
00010                 | 
00010                 | 
00010                 | static void write_register(ForceGauge *forceGauge, uint8_t reg, uint8_t data)
00010                 | {
00010                 | 
00010                 | 
00010                 | 
00010                 | 
00010                 |     forceGauge->serial.tx(0x55);
00010                 |     forceGauge->serial.tx(0x40 + (reg << 1));
00010                 |     forceGauge->serial.tx(data);
00010                 | }
00010                 | 
00010                 | static uint8_t read_register(ForceGauge *forceGauge, uint8_t reg)
00010                 | {
00010                 |     uint8_t temp;
00010                 | 
00010                 | 
00010                 | 
00010                 | 
00010                 |     forceGauge->serial.tx(0x55);
00010                 |     forceGauge->serial.tx(0x20 + (reg << 1));
00010                 |     temp = forceGauge->serial.rxtime(100);
00010                 |     return temp;
00010                 | }
00010                 | #line 56 "C:/Users/riley.m/Tensile-Testing-Machine/Firmware/MaD_Firmware/Librarys/ForceGauge/ForceGauge.c"
00010                 | Error force_gauge_begin(ForceGauge *forceGauge, int rx, int tx)
00010                 | {
00010                 |     _waitms(100);
00010                 | 
00010                 |     forceGauge->serial.start(rx, tx, 3, 38400);
00010                 |     forceGauge->serial.tx(0x55);
00010                 |     forceGauge->serial.tx(0x06);
00010                 |     _waitms(100);
00010                 | 
00010                 |     write_register(forceGauge,  0x01 ,  0b11011000 );
00010                 |     write_register(forceGauge,  0x02 ,  0b01000000 );
00010                 |     write_register(forceGauge,  0x04 ,  0b01110111 );
00010                 |     int temp;
00010                 |     if ((temp = read_register(forceGauge,  0x01 )) !=  0b11011000 )
00010                 |     {
00010                 |         return FORCEGAUGE_NOT_RESPONDING;
00010                 |     }
00010                 |     else if ((temp = read_register(forceGauge,  0x02 )) !=  0b01000000 )
00010                 |     {
00010                 |         return FORCEGAUGE_NOT_RESPONDING;
00010                 |     }
00010                 |     else if ((temp = read_register(forceGauge,  0x04 )) !=  0b01110111 )
00010                 |     {
00010                 |         return FORCEGAUGE_NOT_RESPONDING;
00010                 |     }
00010                 | 
00010                 |     forceGauge->serial.tx(0x55);
00010                 |     forceGauge->serial.tx(0x08);
00010                 |     return SUCCESS;
00010                 | }
00010                 | 
00010                 | void force_gauge_stop(ForceGauge *forceGauge)
00010                 | {
00010                 |     forceGauge->serial.stop();
00010                 | }
00010                 | 
00010                 | int force_gauge_raw_to_force(int zero, double slope, int raw)
00010                 | {
00010                 |     return  __builtin_round(raw - zero)  / (slope);
00010                 | }
00010                 | 
00010                 | 
00010                 | int raw_to_force(int raw, MachineConfiguration *configuration)
00010                 | {
00010                 |     return  __builtin_round(raw - configuration->forceGaugeZeroFactor)  / (configuration->forceGaugeScaleFactor);
00010                 | }
00010                 | 
00010                 | int force_gauge_get_raw(ForceGauge *forceGauge, Error *err)
00010                 | {
00010                 |     seterror(err,SUCCESS);
00010                 | 
00010                 |     if (read_register(forceGauge,  0x01 ) !=  0b11011000 )
00010                 |     {
00010                 |         seterror(err,FORCEGAUGE_CONNECTION_LOST);
00010                 |         return 0;
00010                 |     }
00010                 | 
00010                 |     int dready = read_register(forceGauge,  0x02 );
00010                 | 
00010                 |     forceGauge->serial.tx(0x55);
00010                 |     forceGauge->serial.tx(0x10);
00010                 |     int counter = forceGauge->serial.rxtime(100);
00010                 |     int forceRaw = forceGauge->serial.rxtime(100);
00010                 |     forceRaw |= forceGauge->serial.rxtime(100) << 8;
00010                 |     forceRaw |= forceGauge->serial.rxtime(100) << 16;
00010                 |     return forceRaw;
00010                 | }
00010                 | 
